// Jest Snapshot v1, https://goo.gl/fbAQLP

exports[`<Import> 1`] = `
<DocumentFragment>
  <form
    class="_Import-root-1"
  >
    <fieldset
      class="_Import-fieldset-3"
    >
      <input
        class="_Import-fileInput-2"
        id="file-input"
        multiple=""
        type="file"
      />
      <label
        for="file-input"
      >
        <span
          class="MuiButtonBase-root-32 MuiButton-root-6 MuiButton-text-8 MuiButton-textSecondary-10 MuiButton-flat-11 MuiButton-flatSecondary-13"
          role="button"
          tabindex="0"
        >
          <span
            class="MuiButton-label-7"
          >
            <svg
              aria-hidden="true"
              class="MuiSvgIcon-root-35"
              focusable="false"
              role="presentation"
              viewBox="0 0 24 24"
            >
              <path
                d="M6 2c-1.1 0-1.99.9-1.99 2L4 20c0 1.1.89 2 1.99 2H18c1.1 0 2-.9 2-2V8l-6-6H6zm7 7V3.5L18.5 9H13z"
              />
              <path
                d="M0 0h24v24H0z"
                fill="none"
              />
            </svg>
            Upload File
          </span>
          <span
            class="MuiTouchRipple-root-114"
          />
        </span>
      </label>
      <button
        class="MuiButtonBase-root-32 MuiButtonBase-disabled-33 MuiButton-root-6 MuiButton-text-8 MuiButton-textPrimary-9 MuiButton-flat-11 MuiButton-flatPrimary-12 MuiButton-disabled-26"
        disabled=""
        tabindex="-1"
        type="button"
      >
        <span
          class="MuiButton-label-7"
        >
          <svg
            aria-hidden="true"
            class="MuiSvgIcon-root-35"
            focusable="false"
            role="presentation"
            viewBox="0 0 24 24"
          >
            <path
              d="M19 13h-6v6h-2v-6H5v-2h6V5h2v6h6v2z"
            />
            <path
              d="M0 0h24v24H0z"
              fill="none"
            />
          </svg>
          Import from Files
        </span>
      </button>
    </fieldset>
    <fieldset
      class="_Import-fieldset-3"
    >
      <div
        class="MuiFormControl-root-44 MuiFormControl-marginNormal-45 MuiFormControl-fullWidth-47"
      >
        <label
          class="MuiFormLabel-root-59 MuiInputLabel-root-48 MuiInputLabel-formControl-53 MuiInputLabel-animated-56 MuiInputLabel-shrink-55 MuiInputLabel-outlined-58"
          data-shrink="true"
          for="link"
        >
          Link
        </label>
        <div
          class="MuiInputBase-root-79 MuiOutlinedInput-root-66 MuiInputBase-fullWidth-88 MuiInputBase-formControl-80 MuiInputBase-adornedStart-83 MuiOutlinedInput-adornedStart-69"
        >
          <fieldset
            aria-hidden="true"
            class="MuiPrivateNotchedOutline-root-96 MuiOutlinedInput-notchedOutline-73"
            style="padding-left: 8px;"
          >
            <legend
              class="MuiPrivateNotchedOutline-legend-97"
              style="width: 0px;"
            >
              <span>
                ​
              </span>
            </legend>
          </fieldset>
          <div
            class="MuiInputAdornment-root-98 MuiInputAdornment-positionStart-100"
          >
            <svg
              aria-hidden="true"
              class="MuiSvgIcon-root-35"
              focusable="false"
              role="presentation"
              viewBox="0 0 24 24"
            >
              <path
                d="M0 0h24v24H0z"
                fill="none"
              />
              <path
                d="M3.9 12c0-1.71 1.39-3.1 3.1-3.1h4V7H7c-2.76 0-5 2.24-5 5s2.24 5 5 5h4v-1.9H7c-1.71 0-3.1-1.39-3.1-3.1zM8 13h8v-2H8v2zm9-6h-4v1.9h4c1.71 0 3.1 1.39 3.1 3.1s-1.39 3.1-3.1 3.1h-4V17h4c2.76 0 5-2.24 5-5s-2.24-5-5-5z"
              />
            </svg>
          </div>
          <input
            aria-describedby="link-helper-text"
            aria-invalid="false"
            class="MuiInputBase-input-89 MuiOutlinedInput-input-74 MuiInputBase-inputAdornedStart-94 MuiOutlinedInput-inputAdornedStart-77"
            id="link"
            placeholder="https://example.com/article-123"
            type="text"
            value=""
          />
        </div>
        <p
          class="MuiFormHelperText-root-103 MuiFormHelperText-contained-107"
          id="link-helper-text"
        >
          Import article content from a web page
        </p>
      </div>
      <button
        class="MuiButtonBase-root-32 MuiButtonBase-disabled-33 MuiButton-root-6 MuiButton-text-8 MuiButton-textPrimary-9 MuiButton-flat-11 MuiButton-flatPrimary-12 MuiButton-disabled-26"
        disabled=""
        tabindex="-1"
        type="button"
      >
        <span
          class="MuiButton-label-7"
        >
          <svg
            aria-hidden="true"
            class="MuiSvgIcon-root-35"
            focusable="false"
            role="presentation"
            viewBox="0 0 24 24"
          >
            <path
              d="M19 13h-6v6h-2v-6H5v-2h6V5h2v6h6v2z"
            />
            <path
              d="M0 0h24v24H0z"
              fill="none"
            />
          </svg>
          Import from Link
        </span>
      </button>
    </fieldset>
    <fieldset
      class="_Import-fieldset-3"
    >
      <div
        class="MuiFormControl-root-44 MuiFormControl-marginNormal-45 MuiFormControl-fullWidth-47"
      >
        <label
          class="MuiFormLabel-root-59 MuiInputLabel-root-48 MuiInputLabel-formControl-53 MuiInputLabel-animated-56 MuiInputLabel-shrink-55 MuiInputLabel-outlined-58"
          data-shrink="true"
          for="text"
        >
          Text
        </label>
        <div
          class="MuiInputBase-root-79 MuiOutlinedInput-root-66 MuiInputBase-fullWidth-88 MuiInputBase-formControl-80 MuiInputBase-multiline-87 MuiOutlinedInput-multiline-72 MuiInputBase-adornedStart-83 MuiOutlinedInput-adornedStart-69"
        >
          <fieldset
            aria-hidden="true"
            class="MuiPrivateNotchedOutline-root-96 MuiOutlinedInput-notchedOutline-73"
            style="padding-left: 8px;"
          >
            <legend
              class="MuiPrivateNotchedOutline-legend-97"
              style="width: 0px;"
            >
              <span>
                ​
              </span>
            </legend>
          </fieldset>
          <div
            class="MuiInputAdornment-root-98 MuiInputAdornment-positionStart-100"
          >
            <svg
              aria-hidden="true"
              class="MuiSvgIcon-root-35"
              focusable="false"
              role="presentation"
              viewBox="0 0 24 24"
            >
              <defs>
                <path
                  d="M24 24H0V0h24v24z"
                  id="a"
                />
              </defs>
              <path
                d="M2.5 4v3h5v12h3V7h5V4h-13zm19 5h-9v3h3v7h3v-7h3V9z"
              />
            </svg>
          </div>
          <div
            class="MuiPrivateTextarea-root-111"
          >
            <textarea
              aria-hidden="true"
              class="MuiPrivateTextarea-textarea-112 MuiPrivateTextarea-shadow-113"
              readonly=""
              rows="1"
              tabindex="-1"
            />
            <textarea
              aria-hidden="true"
              class="MuiPrivateTextarea-textarea-112 MuiPrivateTextarea-shadow-113"
              readonly=""
              rows="1"
              tabindex="-1"
            />
            <textarea
              aria-describedby="text-helper-text"
              aria-invalid="false"
              class="MuiPrivateTextarea-textarea-112 MuiInputBase-input-89 MuiOutlinedInput-input-74 MuiInputBase-inputMultiline-91 MuiOutlinedInput-inputMultiline-76 MuiInputBase-inputAdornedStart-94 MuiOutlinedInput-inputAdornedStart-77"
              id="text"
              placeholder="Paste content here..."
              rows="1"
              style="height: 19px;"
            />
          </div>
        </div>
        <p
          class="MuiFormHelperText-root-103 MuiFormHelperText-contained-107"
          id="text-helper-text"
        >
          Paste text content
        </p>
      </div>
      <button
        class="MuiButtonBase-root-32 MuiButtonBase-disabled-33 MuiButton-root-6 MuiButton-text-8 MuiButton-textPrimary-9 MuiButton-flat-11 MuiButton-flatPrimary-12 MuiButton-disabled-26"
        disabled=""
        tabindex="-1"
        type="button"
      >
        <span
          class="MuiButton-label-7"
        >
          <svg
            aria-hidden="true"
            class="MuiSvgIcon-root-35"
            focusable="false"
            role="presentation"
            viewBox="0 0 24 24"
          >
            <path
              d="M19 13h-6v6h-2v-6H5v-2h6V5h2v6h6v2z"
            />
            <path
              d="M0 0h24v24H0z"
              fill="none"
            />
          </svg>
          Import from Text
        </span>
      </button>
    </fieldset>
  </form>
</DocumentFragment>
`;
